Scope: all 9 workspace projects
Lockfile is up to date, resolution step is skipped
Progress: resolved 1, reused 0, downloaded 0, added 0
Packages: +470
++++++++++++++++++++++++++++++++++++++++++++++++++++++++++++++++++++++++++++++++
Progress: resolved 470, reused 0, downloaded 106, added 10
Progress: resolved 470, reused 0, downloaded 183, added 30
Progress: resolved 470, reused 0, downloaded 227, added 41
Progress: resolved 470, reused 0, downloaded 286, added 50
Progress: resolved 470, reused 0, downloaded 302, added 54
Progress: resolved 470, reused 0, downloaded 303, added 54
Progress: resolved 470, reused 0, downloaded 320, added 58
Progress: resolved 470, reused 0, downloaded 336, added 61
Progress: resolved 470, reused 0, downloaded 357, added 66
Progress: resolved 470, reused 0, downloaded 365, added 67
Progress: resolved 470, reused 0, downloaded 391, added 74
Progress: resolved 470, reused 0, downloaded 397, added 74
Progress: resolved 470, reused 0, downloaded 427, added 82
Progress: resolved 470, reused 0, downloaded 463, added 146
Progress: resolved 470, reused 0, downloaded 466, added 229
Progress: resolved 470, reused 0, downloaded 467, added 288
Progress: resolved 470, reused 0, downloaded 467, added 326
Progress: resolved 470, reused 0, downloaded 468, added 357
Progress: resolved 470, reused 0, downloaded 468, added 378
Progress: resolved 470, reused 0, downloaded 469, added 404
Progress: resolved 470, reused 0, downloaded 469, added 445
Progress: resolved 470, reused 0, downloaded 470, added 465
Progress: resolved 470, reused 0, downloaded 470, added 466
Progress: resolved 470, reused 0, downloaded 470, added 467
Progress: resolved 470, reused 0, downloaded 470, added 468
Progress: resolved 470, reused 0, downloaded 470, added 469
Progress: resolved 470, reused 0, downloaded 470, added 470, done
.../esbuild@0.28.2/node_modules/esbuild postinstall$ node install.js
.../esbuild@0.28.2/node_modules/esbuild postinstall: [esbuild] Failed to find package "@esbuild/win32-x64" on the file system
.../esbuild@0.28.2/node_modules/esbuild postinstall: This can happen if you use the "--no-optional" flag. The "optionalDependencies"
.../esbuild@0.28.2/node_modules/esbuild postinstall: package.json feature is used by esbuild to install the correct binary executable
.../esbuild@0.28.2/node_modules/esbuild postinstall: for your current platform. This install script will now attempt to work around
.../esbuild@0.28.2/node_modules/esbuild postinstall: this. If that fails, you need to remove the "--no-optional" flag to use esbuild.
.../esbuild@0.28.2/node_modules/esbuild postinstall: [esbuild] Trying to install package "@esbuild/win32-x64" using npm
.../esbuild@0.28.2/node_modules/esbuild postinstall: Done

dependencies:
+ @replit/connectors-sdk 0.4.3

devDependencies:
+ prettier 3.9.6
+ typescript 5.9.3

. preinstall$ sh -c 'rm -f package-lock.json yarn.lock; case "$npm_config_user_agent" in pnpm/*) ;; *) echo "Use pnpm instead" >&2; exit 1 ;; esac'
. preinstall: 'sh' is not recognized as an internal or external command,
. preinstall: operable program or batch file.
. preinstall: Failed
 ELIFECYCLE  Command failed with exit code 1.
